Nothing to build in platform 'TrackerTopLevel'

00:31:29 **** Incremental Build of configuration Debug for project tracker ****
make all 
'Building file: ../src/main.c'
'Invoking: MicroBlaze gcc compiler'
mb-gcc -Wall -O0 -g3 -c -fmessage-length=0 -MT"src/main.o" -IC:/Users/ethan/Documents/GitHub/ECE385FinalProject/FPGA/vitisproject/TrackerTopLevel/export/TrackerTopLevel/sw/TrackerTopLevel/standalone_microblaze_0/bspinclude/include -mno-xl-reorder -mlittle-endian -mxl-barrel-shift -mxl-pattern-compare -mcpu=v11.0 -mno-xl-soft-mul -Wl,--no-relax -ffunction-sections -fdata-sections -MMD -MP -MF"src/main.d" -MT"src/main.o" -o "src/main.o" "../src/main.c"
'Finished building: ../src/main.c'
' '
'Building target: tracker.elf'
'Invoking: MicroBlaze gcc linker'
mb-gcc -Wl,-T -Wl,../src/lscript.ld -LC:/Users/ethan/Documents/GitHub/ECE385FinalProject/FPGA/vitisproject/TrackerTopLevel/export/TrackerTopLevel/sw/TrackerTopLevel/standalone_microblaze_0/bsplib/lib -mlittle-endian -mxl-barrel-shift -mxl-pattern-compare -mcpu=v11.0 -mno-xl-soft-mul -Wl,--no-relax -Wl,--gc-sections -o "tracker.elf"  ./src/main.o ./src/platform.o   -Wl,--start-group,-lxil,-lgcc,-lc,--end-group
'Finished building target: tracker.elf'
' '
'Invoking: MicroBlaze Print Size'
mb-size tracker.elf  |tee "tracker.elf.size"
   text	   data	    bss	    dec	    hex	filename
   6212	    336	   1100	   7648	   1de0	tracker.elf
'Finished building: tracker.elf.size'
' '
00:31:29 **** Incremental Build of configuration Debug for project tracker_system ****
make all 
Skipping SD card image generation. Reason: "The system project only has applications for microblaze processors."
